2026-04-07 18:39:58,686 INFO o.a.j.u.JMeterUtils: Setting Locale to de_DE
2026-04-07 18:39:58,696 INFO o.a.j.u.JMeterUtils: Could not find resources for 'de_DE', using 'de'
2026-04-07 18:39:58,696 INFO o.a.j.JMeter: Loading user properties from: C:\tools\apache-jmeter-5.6.3\bin\user.properties
2026-04-07 18:39:58,696 INFO o.a.j.JMeter: Loading system properties from: C:\tools\apache-jmeter-5.6.3\bin\system.properties
2026-04-07 18:39:58,696 INFO o.a.j.JMeter: Setting JMeter property: threads=100
2026-04-07 18:39:58,696 INFO o.a.j.JMeter: Setting JMeter property: rampup=2
2026-04-07 18:39:58,696 INFO o.a.j.JMeter: Setting JMeter property: duration=40
2026-04-07 18:39:58,696 INFO o.a.j.JMeter: Setting JMeter property: host=localhost
2026-04-07 18:39:58,696 INFO o.a.j.JMeter: Setting JMeter property: port=8081
2026-04-07 18:39:58,713 INFO o.a.j.JMeter: Copyright (c) 1998-2024 The Apache Software Foundation
2026-04-07 18:39:58,713 INFO o.a.j.JMeter: Version 5.6.3
2026-04-07 18:39:58,713 INFO o.a.j.JMeter: java.version=21.0.8
2026-04-07 18:39:58,713 INFO o.a.j.JMeter: java.vm.name=OpenJDK 64-Bit Server VM
2026-04-07 18:39:58,713 INFO o.a.j.JMeter: os.name=Windows 11
2026-04-07 18:39:58,713 INFO o.a.j.JMeter: os.arch=amd64
2026-04-07 18:39:58,713 INFO o.a.j.JMeter: os.version=10.0
2026-04-07 18:39:58,713 INFO o.a.j.JMeter: file.encoding=UTF-8
2026-04-07 18:39:58,713 INFO o.a.j.JMeter: java.awt.headless=true
2026-04-07 18:39:58,713 INFO o.a.j.JMeter: Max memory     =4213178368
2026-04-07 18:39:58,713 INFO o.a.j.JMeter: Available Processors =12
2026-04-07 18:39:58,717 INFO o.a.j.JMeter: Default Locale=Deutsch (Deutschland)
2026-04-07 18:39:58,717 INFO o.a.j.JMeter: JMeter  Locale=Deutsch (Deutschland)
2026-04-07 18:39:58,717 INFO o.a.j.JMeter: JMeterHome=C:\tools\apache-jmeter-5.6.3
2026-04-07 18:39:58,717 INFO o.a.j.JMeter: user.dir  =C:\Users\admin\Downloads\logistik\logistik
2026-04-07 18:39:58,717 INFO o.a.j.JMeter: PWD       =C:\Users\admin\Downloads\logistik\logistik
2026-04-07 18:39:58,727 INFO o.a.j.JMeter: IP: 172.17.161.104 Name: NB23-767 FullName: NB23-767.ha.bib.de
2026-04-07 18:39:58,751 INFO o.a.j.s.FileServer: Default base='C:\Users\admin\Downloads\logistik\logistik'
2026-04-07 18:39:58,751 INFO o.a.j.s.FileServer: Set new base='C:\Users\admin\Downloads\logistik\logistik\monitoring\jmeter'
2026-04-07 18:39:58,903 INFO o.a.j.s.SaveService: Testplan (JMX) version: 2.2. Testlog (JTL) version: 2.2
2026-04-07 18:39:58,934 INFO o.a.j.s.SaveService: Using SaveService properties version 5.0
2026-04-07 18:39:58,940 INFO o.a.j.s.SaveService: Using SaveService properties file encoding UTF-8
2026-04-07 18:39:58,945 INFO o.a.j.s.SaveService: Loading file: C:\Users\admin\Downloads\logistik\logistik\monitoring\jmeter\logistik-parametrisiert.jmx
2026-04-07 18:39:58,988 INFO o.a.j.p.h.s.HTTPSamplerBase: Parser for text/html is org.apache.jmeter.protocol.http.parser.LagartoBasedHtmlParser
2026-04-07 18:39:58,989 INFO o.a.j.p.h.s.HTTPSamplerBase: Parser for application/xhtml+xml is org.apache.jmeter.protocol.http.parser.LagartoBasedHtmlParser
2026-04-07 18:39:58,989 INFO o.a.j.p.h.s.HTTPSamplerBase: Parser for application/xml is org.apache.jmeter.protocol.http.parser.LagartoBasedHtmlParser
2026-04-07 18:39:58,989 INFO o.a.j.p.h.s.HTTPSamplerBase: Parser for text/xml is org.apache.jmeter.protocol.http.parser.LagartoBasedHtmlParser
2026-04-07 18:39:58,989 INFO o.a.j.p.h.s.HTTPSamplerBase: Parser for text/vnd.wap.wml is org.apache.jmeter.protocol.http.parser.RegexpHTMLParser
2026-04-07 18:39:58,989 INFO o.a.j.p.h.s.HTTPSamplerBase: Parser for text/css is org.apache.jmeter.protocol.http.parser.CssParser
2026-04-07 18:39:58,997 INFO o.a.j.JMeter: Creating summariser <summary>
2026-04-07 18:39:59,013 INFO o.a.j.e.StandardJMeterEngine: Running the test!
2026-04-07 18:39:59,017 INFO o.a.j.s.SampleEvent: List of sample_variables: []
2026-04-07 18:39:59,017 INFO o.a.j.s.SampleEvent: List of sample_variables: []
2026-04-07 18:39:59,023 INFO o.a.j.e.u.CompoundVariable: Note: Function class names must contain the string: '.functions.'
2026-04-07 18:39:59,024 INFO o.a.j.e.u.CompoundVariable: Note: Function class names must not contain the string: '.gui.'
2026-04-07 18:39:59,090 INFO o.a.j.JMeter: Test starten (1775579999090)
2026-04-07 18:39:59,113 INFO o.a.j.e.StandardJMeterEngine: Starting ThreadGroup: 1 : Lasttest
2026-04-07 18:39:59,113 INFO o.a.j.e.StandardJMeterEngine: Starting 100 threads for group Lasttest.
2026-04-07 18:39:59,113 INFO o.a.j.e.StandardJMeterEngine: Thread will continue on error
2026-04-07 18:39:59,113 INFO o.a.j.t.ThreadGroup: Starting thread group... number=1 threads=100 ramp-up=2 delayedStart=false
2026-04-07 18:39:59,133 INFO o.a.j.t.JMeterThread: Thread started: Lasttest 1-1
2026-04-07 18:39:59,146 INFO o.a.j.t.JMeterThread: Thread started: Lasttest 1-2
2026-04-07 18:39:59,167 INFO o.a.j.t.JMeterThread: Thread started: Lasttest 1-3
2026-04-07 18:39:59,186 INFO o.a.j.t.ThreadGroup: Started thread group number 1
2026-04-07 18:39:59,186 INFO o.a.j.t.JMeterThread: Thread started: Lasttest 1-4
2026-04-07 18:39:59,186 INFO o.a.j.e.StandardJMeterEngine: All thread groups have been started
2026-04-07 18:39:59,203 INFO o.a.j.t.JMeterThread: Thread started: Lasttest 1-5
2026-04-07 18:39:59,222 INFO o.a.j.t.JMeterThread: Thread started: Lasttest 1-6
2026-04-07 18:39:59,241 INFO o.a.j.t.JMeterThread: Thread started: Lasttest 1-7
2026-04-07 18:39:59,260 INFO o.a.j.t.JMeterThread: Thread started: Lasttest 1-8
2026-04-07 18:39:59,281 INFO o.a.j.t.JMeterThread: Thread started: Lasttest 1-9
2026-04-07 18:39:59,297 INFO o.a.j.t.JMeterThread: Thread started: Lasttest 1-10
2026-04-07 18:39:59,315 INFO o.a.j.t.JMeterThread: Thread started: Lasttest 1-11
2026-04-07 18:39:59,336 INFO o.a.j.t.JMeterThread: Thread started: Lasttest 1-12
2026-04-07 18:39:59,356 INFO o.a.j.t.JMeterThread: Thread started: Lasttest 1-13
2026-04-07 18:39:59,376 INFO o.a.j.t.JMeterThread: Thread started: Lasttest 1-14
2026-04-07 18:39:59,381 INFO o.a.j.p.h.s.HTTPHCAbstractImpl: Local host = NB23-767
2026-04-07 18:39:59,387 INFO o.a.j.p.h.s.HTTPHC4Impl: HTTP request retry count = 0
2026-04-07 18:39:59,388 INFO o.a.j.s.SampleResult: Note: Sample TimeStamps are START times
2026-04-07 18:39:59,389 INFO o.a.j.s.SampleResult: sampleresult.default.encoding is set to UTF-8
2026-04-07 18:39:59,389 INFO o.a.j.s.SampleResult: sampleresult.useNanoTime=true
2026-04-07 18:39:59,389 INFO o.a.j.s.SampleResult: sampleresult.nanoThreadSleep=5000
2026-04-07 18:39:59,398 INFO o.a.j.t.JMeterThread: Thread started: Lasttest 1-15
2026-04-07 18:39:59,417 INFO o.a.j.t.JMeterThread: Thread started: Lasttest 1-16
2026-04-07 18:39:59,436 INFO o.a.j.t.JMeterThread: Thread started: Lasttest 1-17
2026-04-07 18:39:59,455 INFO o.a.j.t.JMeterThread: Thread started: Lasttest 1-18
2026-04-07 18:39:59,475 INFO o.a.j.t.JMeterThread: Thread started: Lasttest 1-19
2026-04-07 18:39:59,497 INFO o.a.j.t.JMeterThread: Thread started: Lasttest 1-20
2026-04-07 18:39:59,517 INFO o.a.j.t.JMeterThread: Thread started: Lasttest 1-21
2026-04-07 18:39:59,536 INFO o.a.j.t.JMeterThread: Thread started: Lasttest 1-22
2026-04-07 18:39:59,555 INFO o.a.j.t.JMeterThread: Thread started: Lasttest 1-23
2026-04-07 18:39:59,574 INFO o.a.j.t.JMeterThread: Thread started: Lasttest 1-24
2026-04-07 18:39:59,593 INFO o.a.j.t.JMeterThread: Thread started: Lasttest 1-25
2026-04-07 18:39:59,614 INFO o.a.j.t.JMeterThread: Thread started: Lasttest 1-26
2026-04-07 18:39:59,635 INFO o.a.j.t.JMeterThread: Thread started: Lasttest 1-27
2026-04-07 18:39:59,657 INFO o.a.j.t.JMeterThread: Thread started: Lasttest 1-28
2026-04-07 18:39:59,677 INFO o.a.j.t.JMeterThread: Thread started: Lasttest 1-29
2026-04-07 18:39:59,696 INFO o.a.j.t.JMeterThread: Thread started: Lasttest 1-30
2026-04-07 18:39:59,717 INFO o.a.j.t.JMeterThread: Thread started: Lasttest 1-31
2026-04-07 18:39:59,735 INFO o.a.j.t.JMeterThread: Thread started: Lasttest 1-32
2026-04-07 18:39:59,757 INFO o.a.j.t.JMeterThread: Thread started: Lasttest 1-33
2026-04-07 18:39:59,777 INFO o.a.j.t.JMeterThread: Thread started: Lasttest 1-34
2026-04-07 18:39:59,796 INFO o.a.j.t.JMeterThread: Thread started: Lasttest 1-35
2026-04-07 18:39:59,823 INFO o.a.j.t.JMeterThread: Thread started: Lasttest 1-36
2026-04-07 18:39:59,838 INFO o.a.j.t.JMeterThread: Thread started: Lasttest 1-37
2026-04-07 18:39:59,857 INFO o.a.j.t.JMeterThread: Thread started: Lasttest 1-38
2026-04-07 18:39:59,877 INFO o.a.j.t.JMeterThread: Thread started: Lasttest 1-39
2026-04-07 18:39:59,897 INFO o.a.j.t.JMeterThread: Thread started: Lasttest 1-40
2026-04-07 18:39:59,916 INFO o.a.j.t.JMeterThread: Thread started: Lasttest 1-41
2026-04-07 18:39:59,938 INFO o.a.j.t.JMeterThread: Thread started: Lasttest 1-42
2026-04-07 18:39:59,956 INFO o.a.j.t.JMeterThread: Thread started: Lasttest 1-43
2026-04-07 18:39:59,976 INFO o.a.j.t.JMeterThread: Thread started: Lasttest 1-44
2026-04-07 18:39:59,995 INFO o.a.j.t.JMeterThread: Thread started: Lasttest 1-45
2026-04-07 18:40:00,015 INFO o.a.j.t.JMeterThread: Thread started: Lasttest 1-46
2026-04-07 18:40:00,019 INFO o.a.j.r.Summariser: summary +     50 in 00:00:01 =   54,3/s Avg:    67 Min:    22 Max:   134 Err:     0 (0,00%) Active: 45 Started: 45 Finished: 0
2026-04-07 18:40:00,038 INFO o.a.j.t.JMeterThread: Thread started: Lasttest 1-47
2026-04-07 18:40:00,055 INFO o.a.j.t.JMeterThread: Thread started: Lasttest 1-48
2026-04-07 18:40:00,076 INFO o.a.j.t.JMeterThread: Thread started: Lasttest 1-49
2026-04-07 18:40:00,094 INFO o.a.j.t.JMeterThread: Thread started: Lasttest 1-50
2026-04-07 18:40:00,115 INFO o.a.j.t.JMeterThread: Thread started: Lasttest 1-51
2026-04-07 18:40:00,134 INFO o.a.j.t.JMeterThread: Thread started: Lasttest 1-52
2026-04-07 18:40:00,155 INFO o.a.j.t.JMeterThread: Thread started: Lasttest 1-53
2026-04-07 18:40:00,175 INFO o.a.j.t.JMeterThread: Thread started: Lasttest 1-54
2026-04-07 18:40:00,194 INFO o.a.j.t.JMeterThread: Thread started: Lasttest 1-55
2026-04-07 18:40:00,214 INFO o.a.j.t.JMeterThread: Thread started: Lasttest 1-56
2026-04-07 18:40:00,233 INFO o.a.j.t.JMeterThread: Thread started: Lasttest 1-57
2026-04-07 18:40:00,254 INFO o.a.j.t.JMeterThread: Thread started: Lasttest 1-58
2026-04-07 18:40:00,275 INFO o.a.j.t.JMeterThread: Thread started: Lasttest 1-59
2026-04-07 18:40:00,294 INFO o.a.j.t.JMeterThread: Thread started: Lasttest 1-60
2026-04-07 18:40:00,314 INFO o.a.j.t.JMeterThread: Thread started: Lasttest 1-61
2026-04-07 18:40:00,334 INFO o.a.j.t.JMeterThread: Thread started: Lasttest 1-62
2026-04-07 18:40:00,353 INFO o.a.j.t.JMeterThread: Thread started: Lasttest 1-63
2026-04-07 18:40:00,374 INFO o.a.j.t.JMeterThread: Thread started: Lasttest 1-64
2026-04-07 18:40:00,394 INFO o.a.j.t.JMeterThread: Thread started: Lasttest 1-65
2026-04-07 18:40:00,413 INFO o.a.j.t.JMeterThread: Thread started: Lasttest 1-66
2026-04-07 18:40:00,437 INFO o.a.j.t.JMeterThread: Thread started: Lasttest 1-67
2026-04-07 18:40:00,455 INFO o.a.j.t.JMeterThread: Thread started: Lasttest 1-68
2026-04-07 18:40:00,476 INFO o.a.j.t.JMeterThread: Thread started: Lasttest 1-69
2026-04-07 18:40:00,496 INFO o.a.j.t.JMeterThread: Thread started: Lasttest 1-70
2026-04-07 18:40:00,516 INFO o.a.j.t.JMeterThread: Thread started: Lasttest 1-71
2026-04-07 18:40:00,536 INFO o.a.j.t.JMeterThread: Thread started: Lasttest 1-72
2026-04-07 18:40:00,555 INFO o.a.j.t.JMeterThread: Thread started: Lasttest 1-73
2026-04-07 18:40:00,574 INFO o.a.j.t.JMeterThread: Thread started: Lasttest 1-74
2026-04-07 18:40:00,594 INFO o.a.j.t.JMeterThread: Thread started: Lasttest 1-75
2026-04-07 18:40:00,613 INFO o.a.j.t.JMeterThread: Thread started: Lasttest 1-76
2026-04-07 18:40:00,634 INFO o.a.j.t.JMeterThread: Thread started: Lasttest 1-77
2026-04-07 18:40:00,654 INFO o.a.j.t.JMeterThread: Thread started: Lasttest 1-78
2026-04-07 18:40:00,675 INFO o.a.j.t.JMeterThread: Thread started: Lasttest 1-79
2026-04-07 18:40:00,693 INFO o.a.j.t.JMeterThread: Thread started: Lasttest 1-80
2026-04-07 18:40:00,714 INFO o.a.j.t.JMeterThread: Thread started: Lasttest 1-81
2026-04-07 18:40:00,734 INFO o.a.j.t.JMeterThread: Thread started: Lasttest 1-82
2026-04-07 18:40:00,754 INFO o.a.j.t.JMeterThread: Thread started: Lasttest 1-83
2026-04-07 18:40:00,774 INFO o.a.j.t.JMeterThread: Thread started: Lasttest 1-84
2026-04-07 18:40:00,793 INFO o.a.j.t.JMeterThread: Thread started: Lasttest 1-85
2026-04-07 18:40:00,815 INFO o.a.j.t.JMeterThread: Thread started: Lasttest 1-86
2026-04-07 18:40:00,835 INFO o.a.j.t.JMeterThread: Thread started: Lasttest 1-87
2026-04-07 18:40:00,857 INFO o.a.j.t.JMeterThread: Thread started: Lasttest 1-88
2026-04-07 18:40:00,874 INFO o.a.j.t.JMeterThread: Thread started: Lasttest 1-89
2026-04-07 18:40:00,895 INFO o.a.j.t.JMeterThread: Thread started: Lasttest 1-90
2026-04-07 18:40:00,929 INFO o.a.j.t.JMeterThread: Thread started: Lasttest 1-91
2026-04-07 18:40:00,948 INFO o.a.j.t.JMeterThread: Thread started: Lasttest 1-92
2026-04-07 18:40:00,962 INFO o.a.j.t.JMeterThread: Thread started: Lasttest 1-93
2026-04-07 18:40:00,979 INFO o.a.j.t.JMeterThread: Thread started: Lasttest 1-94
2026-04-07 18:40:01,012 INFO o.a.j.t.JMeterThread: Thread started: Lasttest 1-95
2026-04-07 18:40:01,029 INFO o.a.j.t.JMeterThread: Thread started: Lasttest 1-96
2026-04-07 18:40:01,048 INFO o.a.j.t.JMeterThread: Thread started: Lasttest 1-97
2026-04-07 18:40:01,057 INFO o.a.j.t.JMeterThread: Thread started: Lasttest 1-98
2026-04-07 18:40:01,083 INFO o.a.j.t.JMeterThread: Thread started: Lasttest 1-99
2026-04-07 18:40:01,109 INFO o.a.j.t.JMeterThread: Thread started: Lasttest 1-100
2026-04-07 18:40:30,006 INFO o.a.j.r.Summariser: summary +   6752 in 00:00:30 =  225,1/s Avg:   228 Min:    19 Max:   864 Err:     0 (0,00%) Active: 100 Started: 100 Finished: 0
2026-04-07 18:40:30,007 INFO o.a.j.r.Summariser: summary =   6802 in 00:00:31 =  220,0/s Avg:   226 Min:    19 Max:   864 Err:     0 (0,00%)
2026-04-07 18:40:38,901 INFO o.a.j.t.JMeterThread: Thread finished: Lasttest 1-56
2026-04-07 18:40:38,924 INFO o.a.j.t.JMeterThread: Thread finished: Lasttest 1-26
2026-04-07 18:40:38,960 INFO o.a.j.t.JMeterThread: Thread finished: Lasttest 1-19
2026-04-07 18:40:38,960 INFO o.a.j.t.JMeterThread: Thread finished: Lasttest 1-78
2026-04-07 18:40:38,960 INFO o.a.j.t.JMeterThread: Thread finished: Lasttest 1-8
2026-04-07 18:40:38,960 INFO o.a.j.t.JMeterThread: Thread finished: Lasttest 1-61
2026-04-07 18:40:38,960 INFO o.a.j.t.JMeterThread: Thread finished: Lasttest 1-11
2026-04-07 18:40:38,974 INFO o.a.j.t.JMeterThread: Thread finished: Lasttest 1-30
2026-04-07 18:40:38,980 INFO o.a.j.t.JMeterThread: Thread finished: Lasttest 1-14
2026-04-07 18:40:38,980 INFO o.a.j.t.JMeterThread: Thread finished: Lasttest 1-3
2026-04-07 18:40:38,998 INFO o.a.j.t.JMeterThread: Thread finished: Lasttest 1-15
2026-04-07 18:40:38,998 INFO o.a.j.t.JMeterThread: Thread finished: Lasttest 1-27
2026-04-07 18:40:39,002 INFO o.a.j.t.JMeterThread: Thread finished: Lasttest 1-20
2026-04-07 18:40:39,002 INFO o.a.j.t.JMeterThread: Thread finished: Lasttest 1-95
2026-04-07 18:40:39,007 INFO o.a.j.t.JMeterThread: Thread finished: Lasttest 1-72
2026-04-07 18:40:39,025 INFO o.a.j.t.JMeterThread: Thread finished: Lasttest 1-58
2026-04-07 18:40:39,025 INFO o.a.j.t.JMeterThread: Thread finished: Lasttest 1-64
2026-04-07 18:40:39,025 INFO o.a.j.t.JMeterThread: Thread finished: Lasttest 1-44
2026-04-07 18:40:39,044 INFO o.a.j.t.JMeterThread: Thread finished: Lasttest 1-75
2026-04-07 18:40:39,044 INFO o.a.j.t.JMeterThread: Thread finished: Lasttest 1-37
2026-04-07 18:40:39,044 INFO o.a.j.t.JMeterThread: Thread finished: Lasttest 1-67
2026-04-07 18:40:39,044 INFO o.a.j.t.JMeterThread: Thread finished: Lasttest 1-16
2026-04-07 18:40:39,055 INFO o.a.j.t.JMeterThread: Thread finished: Lasttest 1-98
2026-04-07 18:40:39,056 INFO o.a.j.t.JMeterThread: Thread finished: Lasttest 1-46
2026-04-07 18:40:39,066 INFO o.a.j.t.JMeterThread: Thread finished: Lasttest 1-7
2026-04-07 18:40:39,066 INFO o.a.j.t.JMeterThread: Thread finished: Lasttest 1-18
2026-04-07 18:40:39,066 INFO o.a.j.t.JMeterThread: Thread finished: Lasttest 1-21
2026-04-07 18:40:39,066 INFO o.a.j.t.JMeterThread: Thread finished: Lasttest 1-65
2026-04-07 18:40:39,074 INFO o.a.j.t.JMeterThread: Thread finished: Lasttest 1-87
2026-04-07 18:40:39,088 INFO o.a.j.t.JMeterThread: Thread finished: Lasttest 1-22
2026-04-07 18:40:39,090 INFO o.a.j.t.JMeterThread: Thread finished: Lasttest 1-32
2026-04-07 18:40:39,096 INFO o.a.j.t.JMeterThread: Thread finished: Lasttest 1-70
2026-04-07 18:40:39,109 INFO o.a.j.t.JMeterThread: Thread finished: Lasttest 1-49
2026-04-07 18:40:39,109 INFO o.a.j.t.JMeterThread: Thread finished: Lasttest 1-83
2026-04-07 18:40:39,109 INFO o.a.j.t.JMeterThread: Thread finished: Lasttest 1-35
2026-04-07 18:40:39,109 INFO o.a.j.t.JMeterThread: Thread finished: Lasttest 1-93
2026-04-07 18:40:39,118 INFO o.a.j.t.JMeterThread: Thread finished: Lasttest 1-96
2026-04-07 18:40:39,120 INFO o.a.j.t.JMeterThread: Thread finished: Lasttest 1-28
2026-04-07 18:40:39,120 INFO o.a.j.t.JMeterThread: Thread finished: Lasttest 1-88
2026-04-07 18:40:39,120 INFO o.a.j.t.JMeterThread: Thread finished: Lasttest 1-13
2026-04-07 18:40:39,134 INFO o.a.j.t.JMeterThread: Thread finished: Lasttest 1-100
2026-04-07 18:40:39,134 INFO o.a.j.t.JMeterThread: Thread finished: Lasttest 1-74
2026-04-07 18:40:39,134 INFO o.a.j.t.JMeterThread: Thread finished: Lasttest 1-57
2026-04-07 18:40:39,147 INFO o.a.j.t.JMeterThread: Thread finished: Lasttest 1-48
2026-04-07 18:40:39,147 INFO o.a.j.t.JMeterThread: Thread finished: Lasttest 1-36
2026-04-07 18:40:39,147 INFO o.a.j.t.JMeterThread: Thread finished: Lasttest 1-71
2026-04-07 18:40:39,157 INFO o.a.j.t.JMeterThread: Thread finished: Lasttest 1-41
2026-04-07 18:40:39,157 INFO o.a.j.t.JMeterThread: Thread finished: Lasttest 1-99
2026-04-07 18:40:39,167 INFO o.a.j.t.JMeterThread: Stopping because end time detected by thread: Lasttest 1-31
2026-04-07 18:40:39,167 INFO o.a.j.t.JMeterThread: Stopping because end time detected by thread: Lasttest 1-53
2026-04-07 18:40:39,167 INFO o.a.j.t.JMeterThread: Stopping because end time detected by thread: Lasttest 1-23
2026-04-07 18:40:39,167 INFO o.a.j.t.JMeterThread: Thread finished: Lasttest 1-31
2026-04-07 18:40:39,167 INFO o.a.j.t.JMeterThread: Thread finished: Lasttest 1-23
2026-04-07 18:40:39,167 INFO o.a.j.t.JMeterThread: Thread finished: Lasttest 1-53
2026-04-07 18:40:39,167 INFO o.a.j.t.JMeterThread: Stopping because end time detected by thread: Lasttest 1-43
2026-04-07 18:40:39,167 INFO o.a.j.t.JMeterThread: Thread finished: Lasttest 1-43
2026-04-07 18:40:39,174 INFO o.a.j.t.JMeterThread: Thread finished: Lasttest 1-94
2026-04-07 18:40:39,177 INFO o.a.j.t.JMeterThread: Stopping because end time detected by thread: Lasttest 1-33
2026-04-07 18:40:39,177 INFO o.a.j.t.JMeterThread: Stopping because end time detected by thread: Lasttest 1-66
2026-04-07 18:40:39,177 INFO o.a.j.t.JMeterThread: Thread finished: Lasttest 1-33
2026-04-07 18:40:39,177 INFO o.a.j.t.JMeterThread: Thread finished: Lasttest 1-66
2026-04-07 18:40:39,188 INFO o.a.j.t.JMeterThread: Stopping because end time detected by thread: Lasttest 1-55
2026-04-07 18:40:39,190 INFO o.a.j.t.JMeterThread: Stopping because end time detected by thread: Lasttest 1-84
2026-04-07 18:40:39,190 INFO o.a.j.t.JMeterThread: Stopping because end time detected by thread: Lasttest 1-10
2026-04-07 18:40:39,190 INFO o.a.j.t.JMeterThread: Thread finished: Lasttest 1-55
2026-04-07 18:40:39,190 INFO o.a.j.t.JMeterThread: Thread finished: Lasttest 1-84
2026-04-07 18:40:39,191 INFO o.a.j.t.JMeterThread: Thread finished: Lasttest 1-10
2026-04-07 18:40:39,198 INFO o.a.j.t.JMeterThread: Stopping because end time detected by thread: Lasttest 1-42
2026-04-07 18:40:39,198 INFO o.a.j.t.JMeterThread: Thread finished: Lasttest 1-42
2026-04-07 18:40:39,209 INFO o.a.j.t.JMeterThread: Stopping because end time detected by thread: Lasttest 1-76
2026-04-07 18:40:39,209 INFO o.a.j.t.JMeterThread: Thread finished: Lasttest 1-76
2026-04-07 18:40:39,209 INFO o.a.j.t.JMeterThread: Stopping because end time detected by thread: Lasttest 1-1
2026-04-07 18:40:39,209 INFO o.a.j.t.JMeterThread: Stopping because end time detected by thread: Lasttest 1-89
2026-04-07 18:40:39,209 INFO o.a.j.t.JMeterThread: Thread finished: Lasttest 1-1
2026-04-07 18:40:39,209 INFO o.a.j.t.JMeterThread: Thread finished: Lasttest 1-89
2026-04-07 18:40:39,209 INFO o.a.j.t.JMeterThread: Stopping because end time detected by thread: Lasttest 1-90
2026-04-07 18:40:39,209 INFO o.a.j.t.JMeterThread: Thread finished: Lasttest 1-90
2026-04-07 18:40:39,209 INFO o.a.j.t.JMeterThread: Stopping because end time detected by thread: Lasttest 1-29
2026-04-07 18:40:39,219 INFO o.a.j.t.JMeterThread: Thread finished: Lasttest 1-29
2026-04-07 18:40:39,220 INFO o.a.j.t.JMeterThread: Stopping because end time detected by thread: Lasttest 1-9
2026-04-07 18:40:39,220 INFO o.a.j.t.JMeterThread: Thread finished: Lasttest 1-9
2026-04-07 18:40:39,226 INFO o.a.j.t.JMeterThread: Stopping because end time detected by thread: Lasttest 1-39
2026-04-07 18:40:39,226 INFO o.a.j.t.JMeterThread: Stopping because end time detected by thread: Lasttest 1-50
2026-04-07 18:40:39,226 INFO o.a.j.t.JMeterThread: Thread finished: Lasttest 1-39
2026-04-07 18:40:39,226 INFO o.a.j.t.JMeterThread: Thread finished: Lasttest 1-50
2026-04-07 18:40:39,230 INFO o.a.j.t.JMeterThread: Stopping because end time detected by thread: Lasttest 1-34
2026-04-07 18:40:39,230 INFO o.a.j.t.JMeterThread: Thread finished: Lasttest 1-34
2026-04-07 18:40:39,241 INFO o.a.j.t.JMeterThread: Stopping because end time detected by thread: Lasttest 1-4
2026-04-07 18:40:39,241 INFO o.a.j.t.JMeterThread: Thread finished: Lasttest 1-4
2026-04-07 18:40:39,245 INFO o.a.j.t.JMeterThread: Stopping because end time detected by thread: Lasttest 1-79
2026-04-07 18:40:39,245 INFO o.a.j.t.JMeterThread: Thread finished: Lasttest 1-79
2026-04-07 18:40:39,251 INFO o.a.j.t.JMeterThread: Stopping because end time detected by thread: Lasttest 1-51
2026-04-07 18:40:39,251 INFO o.a.j.t.JMeterThread: Thread finished: Lasttest 1-51
2026-04-07 18:40:39,262 INFO o.a.j.t.JMeterThread: Stopping because end time detected by thread: Lasttest 1-40
2026-04-07 18:40:39,262 INFO o.a.j.t.JMeterThread: Stopping because end time detected by thread: Lasttest 1-6
2026-04-07 18:40:39,262 INFO o.a.j.t.JMeterThread: Stopping because end time detected by thread: Lasttest 1-68
2026-04-07 18:40:39,262 INFO o.a.j.t.JMeterThread: Stopping because end time detected by thread: Lasttest 1-54
2026-04-07 18:40:39,262 INFO o.a.j.t.JMeterThread: Thread finished: Lasttest 1-6
2026-04-07 18:40:39,262 INFO o.a.j.t.JMeterThread: Thread finished: Lasttest 1-68
2026-04-07 18:40:39,262 INFO o.a.j.t.JMeterThread: Thread finished: Lasttest 1-54
2026-04-07 18:40:39,262 INFO o.a.j.t.JMeterThread: Thread finished: Lasttest 1-40
2026-04-07 18:40:39,262 INFO o.a.j.t.JMeterThread: Stopping because end time detected by thread: Lasttest 1-38
2026-04-07 18:40:39,262 INFO o.a.j.t.JMeterThread: Thread finished: Lasttest 1-38
2026-04-07 18:40:39,270 INFO o.a.j.t.JMeterThread: Stopping because end time detected by thread: Lasttest 1-60
2026-04-07 18:40:39,271 INFO o.a.j.t.JMeterThread: Thread finished: Lasttest 1-60
2026-04-07 18:40:39,282 INFO o.a.j.t.JMeterThread: Stopping because end time detected by thread: Lasttest 1-63
2026-04-07 18:40:39,282 INFO o.a.j.t.JMeterThread: Thread finished: Lasttest 1-63
2026-04-07 18:40:39,286 INFO o.a.j.t.JMeterThread: Stopping because end time detected by thread: Lasttest 1-2
2026-04-07 18:40:39,286 INFO o.a.j.t.JMeterThread: Thread finished: Lasttest 1-2
2026-04-07 18:40:39,286 INFO o.a.j.t.JMeterThread: Stopping because end time detected by thread: Lasttest 1-12
2026-04-07 18:40:39,286 INFO o.a.j.t.JMeterThread: Thread finished: Lasttest 1-12
2026-04-07 18:40:39,291 INFO o.a.j.t.JMeterThread: Stopping because end time detected by thread: Lasttest 1-5
2026-04-07 18:40:39,293 INFO o.a.j.t.JMeterThread: Thread finished: Lasttest 1-5
2026-04-07 18:40:39,308 INFO o.a.j.t.JMeterThread: Stopping because end time detected by thread: Lasttest 1-47
2026-04-07 18:40:39,308 INFO o.a.j.t.JMeterThread: Stopping because end time detected by thread: Lasttest 1-45
2026-04-07 18:40:39,308 INFO o.a.j.t.JMeterThread: Thread finished: Lasttest 1-47
2026-04-07 18:40:39,308 INFO o.a.j.t.JMeterThread: Thread finished: Lasttest 1-45
2026-04-07 18:40:39,315 INFO o.a.j.t.JMeterThread: Stopping because end time detected by thread: Lasttest 1-52
2026-04-07 18:40:39,315 INFO o.a.j.t.JMeterThread: Thread finished: Lasttest 1-52
2026-04-07 18:40:39,325 INFO o.a.j.t.JMeterThread: Stopping because end time detected by thread: Lasttest 1-17
2026-04-07 18:40:39,325 INFO o.a.j.t.JMeterThread: Stopping because end time detected by thread: Lasttest 1-81
2026-04-07 18:40:39,325 INFO o.a.j.t.JMeterThread: Stopping because end time detected by thread: Lasttest 1-91
2026-04-07 18:40:39,325 INFO o.a.j.t.JMeterThread: Stopping because end time detected by thread: Lasttest 1-92
2026-04-07 18:40:39,325 INFO o.a.j.t.JMeterThread: Thread finished: Lasttest 1-91
2026-04-07 18:40:39,325 INFO o.a.j.t.JMeterThread: Stopping because end time detected by thread: Lasttest 1-24
2026-04-07 18:40:39,325 INFO o.a.j.t.JMeterThread: Thread finished: Lasttest 1-92
2026-04-07 18:40:39,325 INFO o.a.j.t.JMeterThread: Stopping because end time detected by thread: Lasttest 1-80
2026-04-07 18:40:39,336 INFO o.a.j.t.JMeterThread: Thread finished: Lasttest 1-81
2026-04-07 18:40:39,336 INFO o.a.j.t.JMeterThread: Stopping because end time detected by thread: Lasttest 1-77
2026-04-07 18:40:39,336 INFO o.a.j.t.JMeterThread: Thread finished: Lasttest 1-24
2026-04-07 18:40:39,325 INFO o.a.j.t.JMeterThread: Stopping because end time detected by thread: Lasttest 1-62
2026-04-07 18:40:39,325 INFO o.a.j.t.JMeterThread: Thread finished: Lasttest 1-17
2026-04-07 18:40:39,336 INFO o.a.j.t.JMeterThread: Thread finished: Lasttest 1-77
2026-04-07 18:40:39,336 INFO o.a.j.t.JMeterThread: Thread finished: Lasttest 1-80
2026-04-07 18:40:39,336 INFO o.a.j.t.JMeterThread: Thread finished: Lasttest 1-62
2026-04-07 18:40:39,336 INFO o.a.j.t.JMeterThread: Stopping because end time detected by thread: Lasttest 1-73
2026-04-07 18:40:39,336 INFO o.a.j.t.JMeterThread: Thread finished: Lasttest 1-73
2026-04-07 18:40:39,345 INFO o.a.j.t.JMeterThread: Stopping because end time detected by thread: Lasttest 1-25
2026-04-07 18:40:39,345 INFO o.a.j.t.JMeterThread: Thread finished: Lasttest 1-25
2026-04-07 18:40:39,349 INFO o.a.j.t.JMeterThread: Stopping because end time detected by thread: Lasttest 1-69
2026-04-07 18:40:39,349 INFO o.a.j.t.JMeterThread: Thread finished: Lasttest 1-69
2026-04-07 18:40:39,369 INFO o.a.j.t.JMeterThread: Stopping because end time detected by thread: Lasttest 1-97
2026-04-07 18:40:39,369 INFO o.a.j.t.JMeterThread: Thread finished: Lasttest 1-97
2026-04-07 18:40:39,372 INFO o.a.j.t.JMeterThread: Stopping because end time detected by thread: Lasttest 1-82
2026-04-07 18:40:39,373 INFO o.a.j.t.JMeterThread: Thread finished: Lasttest 1-82
2026-04-07 18:40:39,381 INFO o.a.j.t.JMeterThread: Stopping because end time detected by thread: Lasttest 1-85
2026-04-07 18:40:39,381 INFO o.a.j.t.JMeterThread: Thread finished: Lasttest 1-85
2026-04-07 18:40:39,381 INFO o.a.j.t.JMeterThread: Stopping because end time detected by thread: Lasttest 1-59
2026-04-07 18:40:39,381 INFO o.a.j.t.JMeterThread: Thread finished: Lasttest 1-59
2026-04-07 18:40:39,381 INFO o.a.j.t.JMeterThread: Stopping because end time detected by thread: Lasttest 1-86
2026-04-07 18:40:39,381 INFO o.a.j.t.JMeterThread: Thread finished: Lasttest 1-86
2026-04-07 18:40:39,381 INFO o.a.j.e.StandardJMeterEngine: Notifying test listeners of end of test
2026-04-07 18:40:39,381 INFO o.a.j.r.Summariser: summary +   2128 in 00:00:09 =  226,9/s Avg:   233 Min:    21 Max:   657 Err:     0 (0,00%) Active: 0 Started: 100 Finished: 100
2026-04-07 18:40:39,390 INFO o.a.j.r.Summariser: summary =   8930 in 00:00:40 =  221,6/s Avg:   228 Min:    19 Max:   864 Err:     0 (0,00%)
