2026-04-07 18:37:29,566 INFO o.a.j.u.JMeterUtils: Setting Locale to de_DE
2026-04-07 18:37:29,585 INFO o.a.j.u.JMeterUtils: Could not find resources for 'de_DE', using 'de'
2026-04-07 18:37:29,586 INFO o.a.j.JMeter: Loading user properties from: C:\tools\apache-jmeter-5.6.3\bin\user.properties
2026-04-07 18:37:29,586 INFO o.a.j.JMeter: Loading system properties from: C:\tools\apache-jmeter-5.6.3\bin\system.properties
2026-04-07 18:37:29,586 INFO o.a.j.JMeter: Setting JMeter property: threads=2
2026-04-07 18:37:29,586 INFO o.a.j.JMeter: Setting JMeter property: rampup=1
2026-04-07 18:37:29,586 INFO o.a.j.JMeter: Setting JMeter property: duration=5
2026-04-07 18:37:29,586 INFO o.a.j.JMeter: Setting JMeter property: host=localhost
2026-04-07 18:37:29,587 INFO o.a.j.JMeter: Setting JMeter property: port=8081
2026-04-07 18:37:29,593 INFO o.a.j.JMeter: Copyright (c) 1998-2024 The Apache Software Foundation
2026-04-07 18:37:29,593 INFO o.a.j.JMeter: Version 5.6.3
2026-04-07 18:37:29,593 INFO o.a.j.JMeter: java.version=17.0.10
2026-04-07 18:37:29,593 INFO o.a.j.JMeter: java.vm.name=Java HotSpot(TM) 64-Bit Server VM
2026-04-07 18:37:29,593 INFO o.a.j.JMeter: os.name=Windows 11
2026-04-07 18:37:29,593 INFO o.a.j.JMeter: os.arch=amd64
2026-04-07 18:37:29,593 INFO o.a.j.JMeter: os.version=10.0
2026-04-07 18:37:29,593 INFO o.a.j.JMeter: file.encoding=Cp1252
2026-04-07 18:37:29,594 INFO o.a.j.JMeter: java.awt.headless=true
2026-04-07 18:37:29,594 INFO o.a.j.JMeter: Max memory     =4213178368
2026-04-07 18:37:29,594 INFO o.a.j.JMeter: Available Processors =12
2026-04-07 18:37:29,602 INFO o.a.j.JMeter: Default Locale=Deutsch (Deutschland)
2026-04-07 18:37:29,602 INFO o.a.j.JMeter: JMeter  Locale=Deutsch (Deutschland)
2026-04-07 18:37:29,602 INFO o.a.j.JMeter: JMeterHome=C:\tools\apache-jmeter-5.6.3
2026-04-07 18:37:29,602 INFO o.a.j.JMeter: user.dir  =C:\Users\admin\Downloads\logistik\logistik\monitoring
2026-04-07 18:37:29,603 INFO o.a.j.JMeter: PWD       =C:\Users\admin\Downloads\logistik\logistik\monitoring
2026-04-07 18:37:29,604 INFO o.a.j.JMeter: IP: 172.17.161.104 Name: NB23-767 FullName: NB23-767.ha.bib.de
2026-04-07 18:37:29,622 INFO o.a.j.s.FileServer: Default base='C:\Users\admin\Downloads\logistik\logistik\monitoring'
2026-04-07 18:37:29,623 INFO o.a.j.s.FileServer: Set new base='C:\Users\admin\Downloads\logistik\logistik\monitoring\jmeter'
2026-04-07 18:37:29,804 INFO o.a.j.s.SaveService: Testplan (JMX) version: 2.2. Testlog (JTL) version: 2.2
2026-04-07 18:37:29,833 INFO o.a.j.s.SaveService: Using SaveService properties version 5.0
2026-04-07 18:37:29,834 INFO o.a.j.s.SaveService: Using SaveService properties file encoding UTF-8
2026-04-07 18:37:29,839 INFO o.a.j.s.SaveService: Loading file: C:\Users\admin\Downloads\logistik\logistik\monitoring\jmeter\logistik-parametrisiert.jmx
2026-04-07 18:37:29,892 INFO o.a.j.p.h.s.HTTPSamplerBase: Parser for text/html is org.apache.jmeter.protocol.http.parser.LagartoBasedHtmlParser
2026-04-07 18:37:29,892 INFO o.a.j.p.h.s.HTTPSamplerBase: Parser for application/xhtml+xml is org.apache.jmeter.protocol.http.parser.LagartoBasedHtmlParser
2026-04-07 18:37:29,892 INFO o.a.j.p.h.s.HTTPSamplerBase: Parser for application/xml is org.apache.jmeter.protocol.http.parser.LagartoBasedHtmlParser
2026-04-07 18:37:29,892 INFO o.a.j.p.h.s.HTTPSamplerBase: Parser for text/xml is org.apache.jmeter.protocol.http.parser.LagartoBasedHtmlParser
2026-04-07 18:37:29,892 INFO o.a.j.p.h.s.HTTPSamplerBase: Parser for text/vnd.wap.wml is org.apache.jmeter.protocol.http.parser.RegexpHTMLParser
2026-04-07 18:37:29,892 INFO o.a.j.p.h.s.HTTPSamplerBase: Parser for text/css is org.apache.jmeter.protocol.http.parser.CssParser
2026-04-07 18:37:29,905 INFO o.a.j.JMeter: Creating summariser <summary>
2026-04-07 18:37:29,924 INFO o.a.j.e.StandardJMeterEngine: Running the test!
2026-04-07 18:37:29,925 INFO o.a.j.s.SampleEvent: List of sample_variables: []
2026-04-07 18:37:29,925 INFO o.a.j.s.SampleEvent: List of sample_variables: []
2026-04-07 18:37:29,929 INFO o.a.j.e.u.CompoundVariable: Note: Function class names must contain the string: '.functions.'
2026-04-07 18:37:29,929 INFO o.a.j.e.u.CompoundVariable: Note: Function class names must not contain the string: '.gui.'
2026-04-07 18:37:30,015 INFO o.a.j.JMeter: Test starten (1775579850015)
2026-04-07 18:37:30,030 INFO o.a.j.e.StandardJMeterEngine: Starting ThreadGroup: 1 : Lasttest
2026-04-07 18:37:30,030 INFO o.a.j.e.StandardJMeterEngine: Starting 2 threads for group Lasttest.
2026-04-07 18:37:30,030 INFO o.a.j.e.StandardJMeterEngine: Thread will continue on error
2026-04-07 18:37:30,030 INFO o.a.j.t.ThreadGroup: Starting thread group... number=1 threads=2 ramp-up=1 delayedStart=false
2026-04-07 18:37:30,035 INFO o.a.j.t.ThreadGroup: Started thread group number 1
2026-04-07 18:37:30,035 INFO o.a.j.e.StandardJMeterEngine: All thread groups have been started
2026-04-07 18:37:30,037 INFO o.a.j.t.JMeterThread: Thread started: Lasttest 1-1
2026-04-07 18:37:30,207 INFO o.a.j.p.h.s.HTTPHCAbstractImpl: Local host = NB23-767
2026-04-07 18:37:30,221 INFO o.a.j.p.h.s.HTTPHC4Impl: HTTP request retry count = 0
2026-04-07 18:37:30,225 INFO o.a.j.s.SampleResult: Note: Sample TimeStamps are START times
2026-04-07 18:37:30,226 INFO o.a.j.s.SampleResult: sampleresult.default.encoding is set to UTF-8
2026-04-07 18:37:30,226 INFO o.a.j.s.SampleResult: sampleresult.useNanoTime=true
2026-04-07 18:37:30,226 INFO o.a.j.s.SampleResult: sampleresult.nanoThreadSleep=5000
2026-04-07 18:37:30,449 INFO o.a.j.r.Summariser: summary +      1 in 00:00:00 =    2,3/s Avg:   141 Min:   141 Max:   141 Err:     0 (0,00%) Active: 1 Started: 1 Finished: 0
2026-04-07 18:37:30,534 INFO o.a.j.t.JMeterThread: Thread started: Lasttest 1-2
2026-04-07 18:37:34,884 INFO o.a.j.t.JMeterThread: Thread finished: Lasttest 1-1
2026-04-07 18:37:35,048 INFO o.a.j.t.JMeterThread: Stopping because end time detected by thread: Lasttest 1-2
2026-04-07 18:37:35,049 INFO o.a.j.t.JMeterThread: Thread finished: Lasttest 1-2
2026-04-07 18:37:35,049 INFO o.a.j.e.StandardJMeterEngine: Notifying test listeners of end of test
2026-04-07 18:37:35,050 INFO o.a.j.r.Summariser: summary +     32 in 00:00:05 =    7,0/s Avg:    72 Min:    31 Max:   162 Err:     0 (0,00%) Active: 0 Started: 2 Finished: 2
2026-04-07 18:37:35,050 INFO o.a.j.r.Summariser: summary =     33 in 00:00:05 =    6,6/s Avg:    74 Min:    31 Max:   162 Err:     0 (0,00%)
